// Jest Snapshot v1, https://goo.gl/fbAQLP

exports[`schedule services disable service for single server should set jobs state correctly and generate correct response 1`] = `"OK"`;

exports[`schedule services enable service for single server should set jobs state correctly and generate correct response 1`] = `"OK"`;
